// Jest Snapshot v1, https://goo.gl/fbAQLP

exports[`app component renders correctly 1`] = `
<div
  className="App"
>
  <header>
    <h1>
      Tricky Project
    </h1>
  </header>
  <Game
    finishGame={[Function]}
  />
</div>
`;
