// Jest Snapshot v1, https://goo.gl/fbAQLP

exports[`app component renders correcly 1`] = `null`;
