// Jest Snapshot v1, https://goo.gl/fbAQLP

exports[`app component renders correctly 1`] = `
<div
  className="introductionContainer"
>
  <p>
    Bienvenue dans Tricky Project
  </p>
  <button
    className="nextButton"
    onClick={[Function]}
  >
    Suivant â–º
  </button>
</div>
`;
