// Jest Snapshot v1, https://goo.gl/fbAQLP

exports[`app component renders correcly 1`] = `
<div
  className="tile"
>
  <p>
    1
  </p>
  <img
    src="empty_tile.png"
  />
</div>
`;
