// Jest Snapshot v1, https://goo.gl/fbAQLP

exports[`Timer component renders correctly 1`] = `null`;
